cvs-bad: W: version-control-internal-file /usr/lib/foo/.cvsignore
cvs-bad: W: version-control-internal-file /usr/lib/foo/CVS/foo
cvs-bad: W: version-control-internal-file /usr/lib/foo/RCS/asd
cvs-bad: W: version-control-internal-file /usr/lib/foo/bla,v
1 packages and 0 specfiles checked; 0 errors, 4 warnings.
