initscript: W: suse-missing-rclink foo
initscript: W: no-status-entry /etc/init.d/boot.bar
initscript: W: no-status-entry /etc/init.d/foo
initscript: W: no-reload-entry /etc/init.d/boot.bar
initscript: W: no-reload-entry /etc/init.d/foo
initscript: W: missing-lsb-keyword Required-Stop in /etc/init.d/boot.bar
initscript: W: init-script-without-%stop_on_removal-preun /etc/init.d/boot.bar
initscript: W: init-script-without-%stop_on_removal-preun /etc/init.d/foo
initscript: W: init-script-without-%restart_on_update-postun /etc/init.d/boot.bar
initscript: W: init-script-without-%restart_on_update-postun /etc/init.d/foo
initscript: W: init-script-runlevel-4 /etc/init.d/foo
initscript: W: init-script-not-boot_d /etc/init.d/foo B
initscript: W: init-script-boot_d /etc/init.d/boot.bar
1 packages and 0 specfiles checked; 0 errors, 13 warnings.
